2026-06-12 15:33:36.246   Log opened. (Time zone: UTC+08:00)
2026-06-12 15:33:36.246   Setup version: Inno Setup version 6.7.3
2026-06-12 15:33:36.246   Original Setup EXE: D:\linrong_pet\output\LinRongPet-Setup-1.4.0.exe
2026-06-12 15:33:36.247   Setup command line: /SL5="$34B0B32,30418974,879616,D:\linrong_pet\output\LinRongPet-Setup-1.4.0.exe" /VERYSILENT /SUPPRESSMSGBOXES /NORESTART /SP- /DIR=D:\linrong_pet\build\installer-smoke-v1.4\app /LOG=D:\linrong_pet\build\installer-smoke-v1.4\install.log 
2026-06-12 15:33:36.247   Windows version: 10.0.26100
2026-06-12 15:33:36.247   Windows architecture: x64 (64-bit)
2026-06-12 15:33:36.247   Machine types supported by system: x86 x64
2026-06-12 15:33:36.247   User privileges: Administrative
2026-06-12 15:33:36.251   Administrative install mode: No
2026-06-12 15:33:36.252   Install mode root key: HKEY_CURRENT_USER
2026-06-12 15:33:36.252   64-bit install mode: Yes
2026-06-12 15:33:36.252   RedirectionGuard status for current process: Enabled in enforcing mode
2026-06-12 15:33:36.256   Created protected temporary directory: C:\Users\ALTAIR~1\AppData\Local\Temp\is-Z3QH0HJGCO.tmp
2026-06-12 15:33:36.463   Found 80 files to register with RestartManager.
2026-06-12 15:33:36.463   Calling RestartManager's RmGetList.
2026-06-12 15:33:36.484   RmGetList finished successfully.
2026-06-12 15:33:36.484   RestartManager found no applications using one of our files.
2026-06-12 15:33:36.492   Starting the installation process.
2026-06-12 15:33:36.495   Creating directory: D:\linrong_pet\build\installer-smoke-v1.4\app
2026-06-12 15:33:36.495   Directory for uninstall files: D:\linrong_pet\build\installer-smoke-v1.4\app
2026-06-12 15:33:36.496   Creating new uninstall log: D:\linrong_pet\build\installer-smoke-v1.4\app\unins000.dat
2026-06-12 15:33:36.529   -- File entry --
2026-06-12 15:33:36.529   Dest filename: D:\linrong_pet\build\installer-smoke-v1.4\app\unins000.exe
2026-06-12 15:33:36.529   Non-default bitness: 32-bit
2026-06-12 15:33:36.573   Time stamp of our file: 2026-06-12 15:33:35.761
2026-06-12 15:33:36.573   Installing the file.
2026-06-12 15:33:36.588   Successfully installed the file.
2026-06-12 15:33:36.589   -- File entry --
2026-06-12 15:33:36.589   Dest filename: D:\linrong_pet\build\installer-smoke-v1.4\app\LinRongPet.exe
2026-06-12 15:33:36.589   Time stamp of our file: 2026-06-12 15:32:28.000
2026-06-12 15:33:36.589   Installing the file.
2026-06-12 15:33:36.626   Successfully installed the file.
2026-06-12 15:33:36.626   -- File entry --
2026-06-12 15:33:36.626   Dest filename: D:\linrong_pet\build\installer-smoke-v1.4\app\_internal\api-ms-win-core-console-l1-1-0.dll
2026-06-12 15:33:36.627   Time stamp of our file: 2026-06-12 15:32:28.000
2026-06-12 15:33:36.627   Installing the file.
2026-06-12 15:33:36.627   Creating directory: D:\linrong_pet\build\installer-smoke-v1.4\app\_internal
2026-06-12 15:33:36.630   Successfully installed the file.
2026-06-12 15:33:36.630   -- File entry --
2026-06-12 15:33:36.630   Dest filename: D:\linrong_pet\build\installer-smoke-v1.4\app\_internal\api-ms-win-core-datetime-l1-1-0.dll
2026-06-12 15:33:36.630   Time stamp of our file: 2026-06-12 15:32:28.000
2026-06-12 15:33:36.630   Installing the file.
2026-06-12 15:33:36.632   Successfully installed the file.
2026-06-12 15:33:36.632   -- File entry --
2026-06-12 15:33:36.632   Dest filename: D:\linrong_pet\build\installer-smoke-v1.4\app\_internal\api-ms-win-core-debug-l1-1-0.dll
2026-06-12 15:33:36.633   Time stamp of our file: 2026-06-12 15:32:28.000
2026-06-12 15:33:36.633   Installing the file.
2026-06-12 15:33:36.636   Successfully installed the file.
2026-06-12 15:33:36.636   -- File entry --
2026-06-12 15:33:36.636   Dest filename: D:\linrong_pet\build\installer-smoke-v1.4\app\_internal\api-ms-win-core-errorhandling-l1-1-0.dll
2026-06-12 15:33:36.636   Time stamp of our file: 2026-06-12 15:32:28.000
2026-06-12 15:33:36.636   Installing the file.
2026-06-12 15:33:36.638   Successfully installed the file.
2026-06-12 15:33:36.639   -- File entry --
2026-06-12 15:33:36.639   Dest filename: D:\linrong_pet\build\installer-smoke-v1.4\app\_internal\api-ms-win-core-file-l1-1-0.dll
2026-06-12 15:33:36.640   Time stamp of our file: 2026-06-12 15:32:28.000
2026-06-12 15:33:36.640   Installing the file.
2026-06-12 15:33:36.642   Successfully installed the file.
2026-06-12 15:33:36.642   -- File entry --
2026-06-12 15:33:36.643   Dest filename: D:\linrong_pet\build\installer-smoke-v1.4\app\_internal\api-ms-win-core-file-l1-2-0.dll
2026-06-12 15:33:36.643   Time stamp of our file: 2026-06-12 15:32:28.000
2026-06-12 15:33:36.643   Installing the file.
2026-06-12 15:33:36.645   Successfully installed the file.
2026-06-12 15:33:36.646   -- File entry --
2026-06-12 15:33:36.646   Dest filename: D:\linrong_pet\build\installer-smoke-v1.4\app\_internal\api-ms-win-core-file-l2-1-0.dll
2026-06-12 15:33:36.646   Time stamp of our file: 2026-06-12 15:32:28.000
2026-06-12 15:33:36.646   Installing the file.
2026-06-12 15:33:36.653   Successfully installed the file.
2026-06-12 15:33:36.654   -- File entry --
2026-06-12 15:33:36.654   Dest filename: D:\linrong_pet\build\installer-smoke-v1.4\app\_internal\api-ms-win-core-handle-l1-1-0.dll
2026-06-12 15:33:36.654   Time stamp of our file: 2026-06-12 15:32:28.000
2026-06-12 15:33:36.654   Installing the file.
2026-06-12 15:33:36.657   Successfully installed the file.
2026-06-12 15:33:36.657   -- File entry --
2026-06-12 15:33:36.658   Dest filename: D:\linrong_pet\build\installer-smoke-v1.4\app\_internal\api-ms-win-core-heap-l1-1-0.dll
2026-06-12 15:33:36.658   Time stamp of our file: 2026-06-12 15:32:28.000
2026-06-12 15:33:36.658   Installing the file.
2026-06-12 15:33:36.661   Successfully installed the file.
2026-06-12 15:33:36.661   -- File entry --
2026-06-12 15:33:36.661   Dest filename: D:\linrong_pet\build\installer-smoke-v1.4\app\_internal\api-ms-win-core-interlocked-l1-1-0.dll
2026-06-12 15:33:36.661   Time stamp of our file: 2026-06-12 15:32:28.000
2026-06-12 15:33:36.661   Installing the file.
2026-06-12 15:33:36.665   Successfully installed the file.
2026-06-12 15:33:36.665   -- File entry --
2026-06-12 15:33:36.665   Dest filename: D:\linrong_pet\build\installer-smoke-v1.4\app\_internal\api-ms-win-core-libraryloader-l1-1-0.dll
2026-06-12 15:33:36.665   Time stamp of our file: 2026-06-12 15:32:28.000
2026-06-12 15:33:36.665   Installing the file.
2026-06-12 15:33:36.667   Successfully installed the file.
2026-06-12 15:33:36.667   -- File entry --
2026-06-12 15:33:36.667   Dest filename: D:\linrong_pet\build\installer-smoke-v1.4\app\_internal\api-ms-win-core-localization-l1-2-0.dll
2026-06-12 15:33:36.668   Time stamp of our file: 2026-06-12 15:32:28.000
2026-06-12 15:33:36.668   Installing the file.
2026-06-12 15:33:36.671   Successfully installed the file.
2026-06-12 15:33:36.671   -- File entry --
2026-06-12 15:33:36.671   Dest filename: D:\linrong_pet\build\installer-smoke-v1.4\app\_internal\api-ms-win-core-memory-l1-1-0.dll
2026-06-12 15:33:36.671   Time stamp of our file: 2026-06-12 15:32:28.000
2026-06-12 15:33:36.671   Installing the file.
2026-06-12 15:33:36.675   Successfully installed the file.
2026-06-12 15:33:36.675   -- File entry --
2026-06-12 15:33:36.675   Dest filename: D:\linrong_pet\build\installer-smoke-v1.4\app\_internal\api-ms-win-core-namedpipe-l1-1-0.dll
2026-06-12 15:33:36.676   Time stamp of our file: 2026-06-12 15:32:28.000
2026-06-12 15:33:36.676   Installing the file.
2026-06-12 15:33:36.678   Successfully installed the file.
2026-06-12 15:33:36.678   -- File entry --
2026-06-12 15:33:36.678   Dest filename: D:\linrong_pet\build\installer-smoke-v1.4\app\_internal\api-ms-win-core-processenvironment-l1-1-0.dll
2026-06-12 15:33:36.679   Time stamp of our file: 2026-06-12 15:32:28.000
2026-06-12 15:33:36.679   Installing the file.
2026-06-12 15:33:36.683   Successfully installed the file.
2026-06-12 15:33:36.683   -- File entry --
2026-06-12 15:33:36.683   Dest filename: D:\linrong_pet\build\installer-smoke-v1.4\app\_internal\api-ms-win-core-processthreads-l1-1-0.dll
2026-06-12 15:33:36.684   Time stamp of our file: 2026-06-12 15:32:28.000
2026-06-12 15:33:36.684   Installing the file.
2026-06-12 15:33:36.687   Successfully installed the file.
2026-06-12 15:33:36.687   -- File entry --
2026-06-12 15:33:36.688   Dest filename: D:\linrong_pet\build\installer-smoke-v1.4\app\_internal\api-ms-win-core-processthreads-l1-1-1.dll
2026-06-12 15:33:36.688   Time stamp of our file: 2026-06-12 15:32:28.000
2026-06-12 15:33:36.688   Installing the file.
2026-06-12 15:33:36.691   Successfully installed the file.
2026-06-12 15:33:36.691   -- File entry --
2026-06-12 15:33:36.691   Dest filename: D:\linrong_pet\build\installer-smoke-v1.4\app\_internal\api-ms-win-core-profile-l1-1-0.dll
2026-06-12 15:33:36.691   Time stamp of our file: 2026-06-12 15:32:28.000
2026-06-12 15:33:36.691   Installing the file.
2026-06-12 15:33:36.695   Successfully installed the file.
2026-06-12 15:33:36.695   -- File entry --
2026-06-12 15:33:36.695   Dest filename: D:\linrong_pet\build\installer-smoke-v1.4\app\_internal\api-ms-win-core-rtlsupport-l1-1-0.dll
2026-06-12 15:33:36.696   Time stamp of our file: 2026-06-12 15:32:28.000
2026-06-12 15:33:36.696   Installing the file.
2026-06-12 15:33:36.699   Successfully installed the file.
2026-06-12 15:33:36.699   -- File entry --
2026-06-12 15:33:36.700   Dest filename: D:\linrong_pet\build\installer-smoke-v1.4\app\_internal\api-ms-win-core-string-l1-1-0.dll
2026-06-12 15:33:36.700   Time stamp of our file: 2026-06-12 15:32:28.000
2026-06-12 15:33:36.700   Installing the file.
2026-06-12 15:33:36.703   Successfully installed the file.
2026-06-12 15:33:36.703   -- File entry --
2026-06-12 15:33:36.703   Dest filename: D:\linrong_pet\build\installer-smoke-v1.4\app\_internal\api-ms-win-core-synch-l1-1-0.dll
2026-06-12 15:33:36.704   Time stamp of our file: 2026-06-12 15:32:28.000
2026-06-12 15:33:36.704   Installing the file.
2026-06-12 15:33:36.707   Successfully installed the file.
2026-06-12 15:33:36.707   -- File entry --
2026-06-12 15:33:36.707   Dest filename: D:\linrong_pet\build\installer-smoke-v1.4\app\_internal\api-ms-win-core-synch-l1-2-0.dll
2026-06-12 15:33:36.707   Time stamp of our file: 2026-06-12 15:32:28.000
2026-06-12 15:33:36.708   Installing the file.
2026-06-12 15:33:36.710   Successfully installed the file.
2026-06-12 15:33:36.710   -- File entry --
2026-06-12 15:33:36.711   Dest filename: D:\linrong_pet\build\installer-smoke-v1.4\app\_internal\api-ms-win-core-sysinfo-l1-1-0.dll
2026-06-12 15:33:36.711   Time stamp of our file: 2026-06-12 15:32:28.000
2026-06-12 15:33:36.711   Installing the file.
2026-06-12 15:33:36.716   Successfully installed the file.
2026-06-12 15:33:36.716   -- File entry --
2026-06-12 15:33:36.716   Dest filename: D:\linrong_pet\build\installer-smoke-v1.4\app\_internal\api-ms-win-core-timezone-l1-1-0.dll
2026-06-12 15:33:36.717   Time stamp of our file: 2026-06-12 15:32:28.000
2026-06-12 15:33:36.717   Installing the file.
2026-06-12 15:33:36.720   Successfully installed the file.
2026-06-12 15:33:36.721   -- File entry --
2026-06-12 15:33:36.721   Dest filename: D:\linrong_pet\build\installer-smoke-v1.4\app\_internal\api-ms-win-core-util-l1-1-0.dll
2026-06-12 15:33:36.721   Time stamp of our file: 2026-06-12 15:32:28.000
2026-06-12 15:33:36.721   Installing the file.
2026-06-12 15:33:36.724   Successfully installed the file.
2026-06-12 15:33:36.724   -- File entry --
2026-06-12 15:33:36.724   Dest filename: D:\linrong_pet\build\installer-smoke-v1.4\app\_internal\api-ms-win-crt-conio-l1-1-0.dll
2026-06-12 15:33:36.724   Time stamp of our file: 2026-06-12 15:32:28.000
2026-06-12 15:33:36.724   Installing the file.
2026-06-12 15:33:36.728   Successfully installed the file.
2026-06-12 15:33:36.728   -- File entry --
2026-06-12 15:33:36.728   Dest filename: D:\linrong_pet\build\installer-smoke-v1.4\app\_internal\api-ms-win-crt-convert-l1-1-0.dll
2026-06-12 15:33:36.728   Time stamp of our file: 2026-06-12 15:32:28.000
2026-06-12 15:33:36.728   Installing the file.
2026-06-12 15:33:36.733   Successfully installed the file.
2026-06-12 15:33:36.733   -- File entry --
2026-06-12 15:33:36.733   Dest filename: D:\linrong_pet\build\installer-smoke-v1.4\app\_internal\api-ms-win-crt-environment-l1-1-0.dll
2026-06-12 15:33:36.733   Time stamp of our file: 2026-06-12 15:32:28.000
2026-06-12 15:33:36.733   Installing the file.
2026-06-12 15:33:36.736   Successfully installed the file.
2026-06-12 15:33:36.736   -- File entry --
2026-06-12 15:33:36.737   Dest filename: D:\linrong_pet\build\installer-smoke-v1.4\app\_internal\api-ms-win-crt-filesystem-l1-1-0.dll
2026-06-12 15:33:36.737   Time stamp of our file: 2026-06-12 15:32:28.000
2026-06-12 15:33:36.737   Installing the file.
2026-06-12 15:33:36.740   Successfully installed the file.
2026-06-12 15:33:36.740   -- File entry --
2026-06-12 15:33:36.740   Dest filename: D:\linrong_pet\build\installer-smoke-v1.4\app\_internal\api-ms-win-crt-heap-l1-1-0.dll
2026-06-12 15:33:36.741   Time stamp of our file: 2026-06-12 15:32:28.000
2026-06-12 15:33:36.741   Installing the file.
2026-06-12 15:33:36.744   Successfully installed the file.
2026-06-12 15:33:36.744   -- File entry --
2026-06-12 15:33:36.744   Dest filename: D:\linrong_pet\build\installer-smoke-v1.4\app\_internal\api-ms-win-crt-locale-l1-1-0.dll
2026-06-12 15:33:36.744   Time stamp of our file: 2026-06-12 15:32:28.000
2026-06-12 15:33:36.744   Installing the file.
2026-06-12 15:33:36.747   Successfully installed the file.
2026-06-12 15:33:36.747   -- File entry --
2026-06-12 15:33:36.748   Dest filename: D:\linrong_pet\build\installer-smoke-v1.4\app\_internal\api-ms-win-crt-math-l1-1-0.dll
2026-06-12 15:33:36.749   Time stamp of our file: 2026-06-12 15:32:28.000
2026-06-12 15:33:36.749   Installing the file.
2026-06-12 15:33:36.752   Successfully installed the file.
2026-06-12 15:33:36.753   -- File entry --
2026-06-12 15:33:36.753   Dest filename: D:\linrong_pet\build\installer-smoke-v1.4\app\_internal\api-ms-win-crt-process-l1-1-0.dll
2026-06-12 15:33:36.753   Time stamp of our file: 2026-06-12 15:32:28.000
2026-06-12 15:33:36.753   Installing the file.
2026-06-12 15:33:36.757   Successfully installed the file.
2026-06-12 15:33:36.757   -- File entry --
2026-06-12 15:33:36.757   Dest filename: D:\linrong_pet\build\installer-smoke-v1.4\app\_internal\api-ms-win-crt-runtime-l1-1-0.dll
2026-06-12 15:33:36.757   Time stamp of our file: 2026-06-12 15:32:28.000
2026-06-12 15:33:36.757   Installing the file.
2026-06-12 15:33:36.765   Successfully installed the file.
2026-06-12 15:33:36.765   -- File entry --
2026-06-12 15:33:36.765   Dest filename: D:\linrong_pet\build\installer-smoke-v1.4\app\_internal\api-ms-win-crt-stdio-l1-1-0.dll
2026-06-12 15:33:36.766   Time stamp of our file: 2026-06-12 15:32:28.000
2026-06-12 15:33:36.766   Installing the file.
2026-06-12 15:33:36.771   Successfully installed the file.
2026-06-12 15:33:36.771   -- File entry --
2026-06-12 15:33:36.771   Dest filename: D:\linrong_pet\build\installer-smoke-v1.4\app\_internal\api-ms-win-crt-string-l1-1-0.dll
2026-06-12 15:33:36.772   Time stamp of our file: 2026-06-12 15:32:28.000
2026-06-12 15:33:36.772   Installing the file.
2026-06-12 15:33:36.775   Successfully installed the file.
2026-06-12 15:33:36.775   -- File entry --
2026-06-12 15:33:36.775   Dest filename: D:\linrong_pet\build\installer-smoke-v1.4\app\_internal\api-ms-win-crt-time-l1-1-0.dll
2026-06-12 15:33:36.776   Time stamp of our file: 2026-06-12 15:32:28.000
2026-06-12 15:33:36.776   Installing the file.
2026-06-12 15:33:36.779   Successfully installed the file.
2026-06-12 15:33:36.779   -- File entry --
2026-06-12 15:33:36.779   Dest filename: D:\linrong_pet\build\installer-smoke-v1.4\app\_internal\api-ms-win-crt-utility-l1-1-0.dll
2026-06-12 15:33:36.780   Time stamp of our file: 2026-06-12 15:32:28.000
2026-06-12 15:33:36.780   Installing the file.
2026-06-12 15:33:36.786   Successfully installed the file.
2026-06-12 15:33:36.786   -- File entry --
2026-06-12 15:33:36.786   Dest filename: D:\linrong_pet\build\installer-smoke-v1.4\app\_internal\base_library.zip
2026-06-12 15:33:36.787   Time stamp of our file: 2026-06-12 15:32:28.000
2026-06-12 15:33:36.787   Installing the file.
2026-06-12 15:33:36.830   Successfully installed the file.
2026-06-12 15:33:36.830   -- File entry --
2026-06-12 15:33:36.830   Dest filename: D:\linrong_pet\build\installer-smoke-v1.4\app\_internal\libcrypto-3-x64.dll
2026-06-12 15:33:36.831   Time stamp of our file: 2026-06-12 15:32:28.000
2026-06-12 15:33:36.831   Installing the file.
2026-06-12 15:33:36.990   Successfully installed the file.
2026-06-12 15:33:36.990   -- File entry --
2026-06-12 15:33:36.990   Dest filename: D:\linrong_pet\build\installer-smoke-v1.4\app\_internal\libcrypto-3.dll
2026-06-12 15:33:36.990   Time stamp of our file: 2026-06-12 15:32:28.000
2026-06-12 15:33:36.990   Installing the file.
2026-06-12 15:33:37.091   Successfully installed the file.
2026-06-12 15:33:37.091   -- File entry --
2026-06-12 15:33:37.091   Dest filename: D:\linrong_pet\build\installer-smoke-v1.4\app\_internal\libssl-3-x64.dll
2026-06-12 15:33:37.091   Time stamp of our file: 2026-06-12 15:32:28.000
2026-06-12 15:33:37.091   Installing the file.
2026-06-12 15:33:37.111   Successfully installed the file.
2026-06-12 15:33:37.111   -- File entry --
2026-06-12 15:33:37.111   Dest filename: D:\linrong_pet\build\installer-smoke-v1.4\app\_internal\python3.dll
2026-06-12 15:33:37.113   Time stamp of our file: 2026-06-12 15:32:28.000
2026-06-12 15:33:37.113   Installing the file.
2026-06-12 15:33:37.116   Successfully installed the file.
2026-06-12 15:33:37.116   -- File entry --
2026-06-12 15:33:37.117   Dest filename: D:\linrong_pet\build\installer-smoke-v1.4\app\_internal\python312.dll
2026-06-12 15:33:37.117   Time stamp of our file: 2026-06-12 15:32:28.000
2026-06-12 15:33:37.117   Installing the file.
2026-06-12 15:33:37.297   Successfully installed the file.
2026-06-12 15:33:37.298   -- File entry --
2026-06-12 15:33:37.298   Dest filename: D:\linrong_pet\build\installer-smoke-v1.4\app\_internal\select.pyd
2026-06-12 15:33:37.298   Time stamp of our file: 2026-06-12 15:32:28.000
2026-06-12 15:33:37.298   Installing the file.
2026-06-12 15:33:37.300   Successfully installed the file.
2026-06-12 15:33:37.301   -- File entry --
2026-06-12 15:33:37.301   Dest filename: D:\linrong_pet\build\installer-smoke-v1.4\app\_internal\ucrtbase.dll
2026-06-12 15:33:37.301   Time stamp of our file: 2026-06-12 15:32:28.000
2026-06-12 15:33:37.301   Installing the file.
2026-06-12 15:33:37.345   Successfully installed the file.
2026-06-12 15:33:37.345   -- File entry --
2026-06-12 15:33:37.345   Dest filename: D:\linrong_pet\build\installer-smoke-v1.4\app\_internal\unicodedata.pyd
2026-06-12 15:33:37.345   Time stamp of our file: 2026-06-12 15:32:28.000
2026-06-12 15:33:37.345   Installing the file.
2026-06-12 15:33:37.377   Successfully installed the file.
2026-06-12 15:33:37.377   -- File entry --
2026-06-12 15:33:37.377   Dest filename: D:\linrong_pet\build\installer-smoke-v1.4\app\_internal\VCRUNTIME140.dll
2026-06-12 15:33:37.377   Time stamp of our file: 2026-06-12 15:32:28.000
2026-06-12 15:33:37.377   Installing the file.
2026-06-12 15:33:37.383   Successfully installed the file.
2026-06-12 15:33:37.383   -- File entry --
2026-06-12 15:33:37.384   Dest filename: D:\linrong_pet\build\installer-smoke-v1.4\app\_internal\VCRUNTIME140_1.dll
2026-06-12 15:33:37.384   Time stamp of our file: 2026-06-12 15:32:28.000
2026-06-12 15:33:37.384   Installing the file.
2026-06-12 15:33:37.387   Successfully installed the file.
2026-06-12 15:33:37.387   -- File entry --
2026-06-12 15:33:37.387   Dest filename: D:\linrong_pet\build\installer-smoke-v1.4\app\_internal\winsound.pyd
2026-06-12 15:33:37.388   Time stamp of our file: 2026-06-12 15:32:28.000
2026-06-12 15:33:37.388   Installing the file.
2026-06-12 15:33:37.391   Successfully installed the file.
2026-06-12 15:33:37.392   -- File entry --
2026-06-12 15:33:37.392   Dest filename: D:\linrong_pet\build\installer-smoke-v1.4\app\_internal\_bz2.pyd
2026-06-12 15:33:37.392   Time stamp of our file: 2026-06-12 15:32:28.000
2026-06-12 15:33:37.392   Installing the file.
2026-06-12 15:33:37.397   Successfully installed the file.
2026-06-12 15:33:37.397   -- File entry --
2026-06-12 15:33:37.397   Dest filename: D:\linrong_pet\build\installer-smoke-v1.4\app\_internal\_decimal.pyd
2026-06-12 15:33:37.397   Time stamp of our file: 2026-06-12 15:32:28.000
2026-06-12 15:33:37.397   Installing the file.
2026-06-12 15:33:37.409   Successfully installed the file.
2026-06-12 15:33:37.409   -- File entry --
2026-06-12 15:33:37.409   Dest filename: D:\linrong_pet\build\installer-smoke-v1.4\app\_internal\_hashlib.pyd
2026-06-12 15:33:37.409   Time stamp of our file: 2026-06-12 15:32:28.000
2026-06-12 15:33:37.409   Installing the file.
2026-06-12 15:33:37.418   Successfully installed the file.
2026-06-12 15:33:37.418   -- File entry --
2026-06-12 15:33:37.418   Dest filename: D:\linrong_pet\build\installer-smoke-v1.4\app\_internal\_lzma.pyd
2026-06-12 15:33:37.419   Time stamp of our file: 2026-06-12 15:32:28.000
2026-06-12 15:33:37.419   Installing the file.
2026-06-12 15:33:37.428   Successfully installed the file.
2026-06-12 15:33:37.428   -- File entry --
2026-06-12 15:33:37.428   Dest filename: D:\linrong_pet\build\installer-smoke-v1.4\app\_internal\_socket.pyd
2026-06-12 15:33:37.428   Time stamp of our file: 2026-06-12 15:32:28.000
2026-06-12 15:33:37.428   Installing the file.
2026-06-12 15:33:37.433   Successfully installed the file.
2026-06-12 15:33:37.433   -- File entry --
2026-06-12 15:33:37.433   Dest filename: D:\linrong_pet\build\installer-smoke-v1.4\app\_internal\assets\animation.json
2026-06-12 15:33:37.433   Time stamp of our file: 2026-06-12 15:32:28.000
2026-06-12 15:33:37.433   Installing the file.
2026-06-12 15:33:37.433   Creating directory: D:\linrong_pet\build\installer-smoke-v1.4\app\_internal\assets
2026-06-12 15:33:37.436   Successfully installed the file.
2026-06-12 15:33:37.436   -- File entry --
2026-06-12 15:33:37.436   Dest filename: D:\linrong_pet\build\installer-smoke-v1.4\app\_internal\assets\linrong.ico
2026-06-12 15:33:37.436   Time stamp of our file: 2026-06-12 15:32:28.000
2026-06-12 15:33:37.436   Installing the file.
2026-06-12 15:33:37.442   Successfully installed the file.
2026-06-12 15:33:37.442   -- File entry --
2026-06-12 15:33:37.442   Dest filename: D:\linrong_pet\build\installer-smoke-v1.4\app\_internal\assets\spritesheet.webp
2026-06-12 15:33:37.443   Time stamp of our file: 2026-06-12 15:32:28.000
2026-06-12 15:33:37.443   Installing the file.
2026-06-12 15:33:37.548   Successfully installed the file.
2026-06-12 15:33:37.549   -- File entry --
2026-06-12 15:33:37.549   Dest filename: D:\linrong_pet\build\installer-smoke-v1.4\app\_internal\assets\audio\company.wav
2026-06-12 15:33:37.549   Time stamp of our file: 2026-06-12 15:32:28.000
2026-06-12 15:33:37.549   Installing the file.
2026-06-12 15:33:37.549   Creating directory: D:\linrong_pet\build\installer-smoke-v1.4\app\_internal\assets\audio
2026-06-12 15:33:37.555   Successfully installed the file.
2026-06-12 15:33:37.555   -- File entry --
2026-06-12 15:33:37.555   Dest filename: D:\linrong_pet\build\installer-smoke-v1.4\app\_internal\assets\audio\found.wav
2026-06-12 15:33:37.555   Time stamp of our file: 2026-06-12 15:32:28.000
2026-06-12 15:33:37.555   Installing the file.
2026-06-12 15:33:37.562   Successfully installed the file.
2026-06-12 15:33:37.562   -- File entry --
2026-06-12 15:33:37.562   Dest filename: D:\linrong_pet\build\installer-smoke-v1.4\app\_internal\assets\audio\happy.wav
2026-06-12 15:33:37.562   Time stamp of our file: 2026-06-12 15:32:28.000
2026-06-12 15:33:37.562   Installing the file.
2026-06-12 15:33:37.568   Successfully installed the file.
2026-06-12 15:33:37.568   -- File entry --
2026-06-12 15:33:37.568   Dest filename: D:\linrong_pet\build\installer-smoke-v1.4\app\_internal\assets\audio\hello.wav
2026-06-12 15:33:37.568   Time stamp of our file: 2026-06-12 15:32:28.000
2026-06-12 15:33:37.568   Installing the file.
2026-06-12 15:33:37.575   Successfully installed the file.
2026-06-12 15:33:37.575   -- File entry --
2026-06-12 15:33:37.575   Dest filename: D:\linrong_pet\build\installer-smoke-v1.4\app\_internal\assets\audio\poked.wav
2026-06-12 15:33:37.575   Time stamp of our file: 2026-06-12 15:32:28.000
2026-06-12 15:33:37.575   Installing the file.
2026-06-12 15:33:37.580   Successfully installed the file.
2026-06-12 15:33:37.580   -- File entry --
2026-06-12 15:33:37.580   Dest filename: D:\linrong_pet\build\installer-smoke-v1.4\app\_internal\assets\audio\rest.wav
2026-06-12 15:33:37.580   Time stamp of our file: 2026-06-12 15:32:28.000
2026-06-12 15:33:37.580   Installing the file.
2026-06-12 15:33:37.589   Successfully installed the file.
2026-06-12 15:33:37.589   -- File entry --
2026-06-12 15:33:37.589   Dest filename: D:\linrong_pet\build\installer-smoke-v1.4\app\_internal\assets\frames\idle-00.webp
2026-06-12 15:33:37.589   Time stamp of our file: 2026-06-12 15:32:28.000
2026-06-12 15:33:37.589   Installing the file.
2026-06-12 15:33:37.589   Creating directory: D:\linrong_pet\build\installer-smoke-v1.4\app\_internal\assets\frames
2026-06-12 15:33:37.592   Successfully installed the file.
2026-06-12 15:33:37.592   -- File entry --
2026-06-12 15:33:37.592   Dest filename: D:\linrong_pet\build\installer-smoke-v1.4\app\_internal\assets\frames\idle-01.webp
2026-06-12 15:33:37.593   Time stamp of our file: 2026-06-12 15:32:28.000
2026-06-12 15:33:37.593   Installing the file.
2026-06-12 15:33:37.594   Successfully installed the file.
2026-06-12 15:33:37.594   -- File entry --
2026-06-12 15:33:37.594   Dest filename: D:\linrong_pet\build\installer-smoke-v1.4\app\_internal\assets\frames\idle-02.webp
2026-06-12 15:33:37.595   Time stamp of our file: 2026-06-12 15:32:28.000
2026-06-12 15:33:37.595   Installing the file.
2026-06-12 15:33:37.597   Successfully installed the file.
2026-06-12 15:33:37.597   -- File entry --
2026-06-12 15:33:37.597   Dest filename: D:\linrong_pet\build\installer-smoke-v1.4\app\_internal\assets\frames\idle-03.webp
2026-06-12 15:33:37.597   Time stamp of our file: 2026-06-12 15:32:28.000
2026-06-12 15:33:37.598   Installing the file.
2026-06-12 15:33:37.600   Successfully installed the file.
2026-06-12 15:33:37.600   -- File entry --
2026-06-12 15:33:37.600   Dest filename: D:\linrong_pet\build\installer-smoke-v1.4\app\_internal\assets\frames\idle-04.webp
2026-06-12 15:33:37.601   Time stamp of our file: 2026-06-12 15:32:28.000
2026-06-12 15:33:37.601   Installing the file.
2026-06-12 15:33:37.603   Successfully installed the file.
2026-06-12 15:33:37.604   -- File entry --
2026-06-12 15:33:37.604   Dest filename: D:\linrong_pet\build\installer-smoke-v1.4\app\_internal\assets\frames\idle-05.webp
2026-06-12 15:33:37.604   Time stamp of our file: 2026-06-12 15:32:28.000
2026-06-12 15:33:37.604   Installing the file.
2026-06-12 15:33:37.606   Successfully installed the file.
2026-06-12 15:33:37.607   -- File entry --
2026-06-12 15:33:37.607   Dest filename: D:\linrong_pet\build\installer-smoke-v1.4\app\_internal\assets\frames\jumping-00.webp
2026-06-12 15:33:37.607   Time stamp of our file: 2026-06-12 15:32:28.000
2026-06-12 15:33:37.607   Installing the file.
2026-06-12 15:33:37.609   Successfully installed the file.
2026-06-12 15:33:37.609   -- File entry --
2026-06-12 15:33:37.609   Dest filename: D:\linrong_pet\build\installer-smoke-v1.4\app\_internal\assets\frames\jumping-01.webp
2026-06-12 15:33:37.610   Time stamp of our file: 2026-06-12 15:32:28.000
2026-06-12 15:33:37.610   Installing the file.
2026-06-12 15:33:37.611   Successfully installed the file.
2026-06-12 15:33:37.612   -- File entry --
2026-06-12 15:33:37.612   Dest filename: D:\linrong_pet\build\installer-smoke-v1.4\app\_internal\assets\frames\jumping-02.webp
2026-06-12 15:33:37.612   Time stamp of our file: 2026-06-12 15:32:28.000
2026-06-12 15:33:37.612   Installing the file.
2026-06-12 15:33:37.615   Successfully installed the file.
2026-06-12 15:33:37.615   -- File entry --
2026-06-12 15:33:37.616   Dest filename: D:\linrong_pet\build\installer-smoke-v1.4\app\_internal\assets\frames\jumping-03.webp
2026-06-12 15:33:37.616   Time stamp of our file: 2026-06-12 15:32:28.000
2026-06-12 15:33:37.616   Installing the file.
2026-06-12 15:33:37.622   Successfully installed the file.
2026-06-12 15:33:37.623   -- File entry --
2026-06-12 15:33:37.623   Dest filename: D:\linrong_pet\build\installer-smoke-v1.4\app\_internal\assets\frames\jumping-04.webp
2026-06-12 15:33:37.623   Time stamp of our file: 2026-06-12 15:32:28.000
2026-06-12 15:33:37.623   Installing the file.
2026-06-12 15:33:37.626   Successfully installed the file.
2026-06-12 15:33:37.626   -- File entry --
2026-06-12 15:33:37.626   Dest filename: D:\linrong_pet\build\installer-smoke-v1.4\app\_internal\assets\frames\review-00.webp
2026-06-12 15:33:37.627   Time stamp of our file: 2026-06-12 15:32:28.000
2026-06-12 15:33:37.627   Installing the file.
2026-06-12 15:33:37.632   Successfully installed the file.
2026-06-12 15:33:37.632   -- File entry --
2026-06-12 15:33:37.633   Dest filename: D:\linrong_pet\build\installer-smoke-v1.4\app\_internal\assets\frames\review-01.webp
2026-06-12 15:33:37.633   Time stamp of our file: 2026-06-12 15:32:28.000
2026-06-12 15:33:37.633   Installing the file.
2026-06-12 15:33:37.636   Successfully installed the file.
2026-06-12 15:33:37.636   -- File entry --
2026-06-12 15:33:37.636   Dest filename: D:\linrong_pet\build\installer-smoke-v1.4\app\_internal\assets\frames\review-02.webp
2026-06-12 15:33:37.636   Time stamp of our file: 2026-06-12 15:32:28.000
2026-06-12 15:33:37.636   Installing the file.
2026-06-12 15:33:37.639   Successfully installed the file.
2026-06-12 15:33:37.639   -- File entry --
2026-06-12 15:33:37.639   Dest filename: D:\linrong_pet\build\installer-smoke-v1.4\app\_internal\assets\frames\review-03.webp
2026-06-12 15:33:37.639   Time stamp of our file: 2026-06-12 15:32:28.000
2026-06-12 15:33:37.639   Installing the file.
2026-06-12 15:33:37.641   Successfully installed the file.
2026-06-12 15:33:37.641   -- File entry --
2026-06-12 15:33:37.642   Dest filename: D:\linrong_pet\build\installer-smoke-v1.4\app\_internal\assets\frames\review-04.webp
2026-06-12 15:33:37.642   Time stamp of our file: 2026-06-12 15:32:28.000
2026-06-12 15:33:37.642   Installing the file.
2026-06-12 15:33:37.644   Successfully installed the file.
2026-06-12 15:33:37.645   -- File entry --
2026-06-12 15:33:37.645   Dest filename: D:\linrong_pet\build\installer-smoke-v1.4\app\_internal\assets\frames\review-05.webp
2026-06-12 15:33:37.645   Time stamp of our file: 2026-06-12 15:32:28.000
2026-06-12 15:33:37.645   Installing the file.
2026-06-12 15:33:37.649   Successfully installed the file.
2026-06-12 15:33:37.649   -- File entry --
2026-06-12 15:33:37.649   Dest filename: D:\linrong_pet\build\installer-smoke-v1.4\app\_internal\assets\frames\running-00.webp
2026-06-12 15:33:37.649   Time stamp of our file: 2026-06-12 15:32:28.000
2026-06-12 15:33:37.650   Installing the file.
2026-06-12 15:33:37.652   Successfully installed the file.
2026-06-12 15:33:37.652   -- File entry --
2026-06-12 15:33:37.652   Dest filename: D:\linrong_pet\build\installer-smoke-v1.4\app\_internal\assets\frames\running-01.webp
2026-06-12 15:33:37.652   Time stamp of our file: 2026-06-12 15:32:28.000
2026-06-12 15:33:37.652   Installing the file.
2026-06-12 15:33:37.655   Successfully installed the file.
2026-06-12 15:33:37.655   -- File entry --
2026-06-12 15:33:37.655   Dest filename: D:\linrong_pet\build\installer-smoke-v1.4\app\_internal\assets\frames\running-02.webp
2026-06-12 15:33:37.656   Time stamp of our file: 2026-06-12 15:32:28.000
2026-06-12 15:33:37.656   Installing the file.
2026-06-12 15:33:37.658   Successfully installed the file.
2026-06-12 15:33:37.658   -- File entry --
2026-06-12 15:33:37.658   Dest filename: D:\linrong_pet\build\installer-smoke-v1.4\app\_internal\assets\frames\running-03.webp
2026-06-12 15:33:37.658   Time stamp of our file: 2026-06-12 15:32:28.000
2026-06-12 15:33:37.658   Installing the file.
2026-06-12 15:33:37.660   Successfully installed the file.
2026-06-12 15:33:37.660   -- File entry --
2026-06-12 15:33:37.661   Dest filename: D:\linrong_pet\build\installer-smoke-v1.4\app\_internal\assets\frames\running-04.webp
2026-06-12 15:33:37.661   Time stamp of our file: 2026-06-12 15:32:28.000
2026-06-12 15:33:37.661   Installing the file.
2026-06-12 15:33:37.663   Successfully installed the file.
2026-06-12 15:33:37.663   -- File entry --
2026-06-12 15:33:37.664   Dest filename: D:\linrong_pet\build\installer-smoke-v1.4\app\_internal\assets\frames\running-05.webp
2026-06-12 15:33:37.664   Time stamp of our file: 2026-06-12 15:32:28.000
2026-06-12 15:33:37.664   Installing the file.
2026-06-12 15:33:37.670   Successfully installed the file.
2026-06-12 15:33:37.670   -- File entry --
2026-06-12 15:33:37.670   Dest filename: D:\linrong_pet\build\installer-smoke-v1.4\app\_internal\assets\frames\sitting-00.webp
2026-06-12 15:33:37.671   Time stamp of our file: 2026-06-12 15:32:28.000
2026-06-12 15:33:37.671   Installing the file.
2026-06-12 15:33:37.672   Successfully installed the file.
2026-06-12 15:33:37.672   -- File entry --
2026-06-12 15:33:37.672   Dest filename: D:\linrong_pet\build\installer-smoke-v1.4\app\_internal\assets\frames\sitting-01.webp
2026-06-12 15:33:37.673   Time stamp of our file: 2026-06-12 15:32:28.000
2026-06-12 15:33:37.673   Installing the file.
2026-06-12 15:33:37.676   Successfully installed the file.
2026-06-12 15:33:37.676   -- File entry --
2026-06-12 15:33:37.676   Dest filename: D:\linrong_pet\build\installer-smoke-v1.4\app\_internal\assets\frames\sitting-02.webp
2026-06-12 15:33:37.676   Time stamp of our file: 2026-06-12 15:32:28.000
2026-06-12 15:33:37.676   Installing the file.
2026-06-12 15:33:37.679   Successfully installed the file.
2026-06-12 15:33:37.679   -- File entry --
2026-06-12 15:33:37.679   Dest filename: D:\linrong_pet\build\installer-smoke-v1.4\app\_internal\assets\frames\sitting-03.webp
2026-06-12 15:33:37.679   Time stamp of our file: 2026-06-12 15:32:28.000
2026-06-12 15:33:37.679   Installing the file.
2026-06-12 15:33:37.682   Successfully installed the file.
2026-06-12 15:33:37.682   -- File entry --
2026-06-12 15:33:37.682   Dest filename: D:\linrong_pet\build\installer-smoke-v1.4\app\_internal\assets\frames\sitting-04.webp
2026-06-12 15:33:37.682   Time stamp of our file: 2026-06-12 15:32:28.000
2026-06-12 15:33:37.682   Installing the file.
2026-06-12 15:33:37.685   Successfully installed the file.
2026-06-12 15:33:37.685   -- File entry --
2026-06-12 15:33:37.685   Dest filename: D:\linrong_pet\build\installer-smoke-v1.4\app\_internal\assets\frames\sitting-05.webp
2026-06-12 15:33:37.686   Time stamp of our file: 2026-06-12 15:32:28.000
2026-06-12 15:33:37.686   Installing the file.
2026-06-12 15:33:37.688   Successfully installed the file.
2026-06-12 15:33:37.688   -- File entry --
2026-06-12 15:33:37.688   Dest filename: D:\linrong_pet\build\installer-smoke-v1.4\app\_internal\assets\frames\sitting-06.webp
2026-06-12 15:33:37.688   Time stamp of our file: 2026-06-12 15:32:28.000
2026-06-12 15:33:37.688   Installing the file.
2026-06-12 15:33:37.691   Successfully installed the file.
2026-06-12 15:33:37.691   -- File entry --
2026-06-12 15:33:37.691   Dest filename: D:\linrong_pet\build\installer-smoke-v1.4\app\_internal\assets\frames\sitting-07.webp
2026-06-12 15:33:37.691   Time stamp of our file: 2026-06-12 15:32:28.000
2026-06-12 15:33:37.691   Installing the file.
2026-06-12 15:33:37.694   Successfully installed the file.
2026-06-12 15:33:37.694   -- File entry --
2026-06-12 15:33:37.694   Dest filename: D:\linrong_pet\build\installer-smoke-v1.4\app\_internal\assets\frames\waiting-00.webp
2026-06-12 15:33:37.695   Time stamp of our file: 2026-06-12 15:32:28.000
2026-06-12 15:33:37.695   Installing the file.
2026-06-12 15:33:37.697   Successfully installed the file.
2026-06-12 15:33:37.697   -- File entry --
2026-06-12 15:33:37.697   Dest filename: D:\linrong_pet\build\installer-smoke-v1.4\app\_internal\assets\frames\waiting-01.webp
2026-06-12 15:33:37.697   Time stamp of our file: 2026-06-12 15:32:28.000
2026-06-12 15:33:37.697   Installing the file.
2026-06-12 15:33:37.700   Successfully installed the file.
2026-06-12 15:33:37.700   -- File entry --
2026-06-12 15:33:37.700   Dest filename: D:\linrong_pet\build\installer-smoke-v1.4\app\_internal\assets\frames\waiting-02.webp
2026-06-12 15:33:37.701   Time stamp of our file: 2026-06-12 15:32:28.000
2026-06-12 15:33:37.701   Installing the file.
2026-06-12 15:33:37.703   Successfully installed the file.
2026-06-12 15:33:37.703   -- File entry --
2026-06-12 15:33:37.703   Dest filename: D:\linrong_pet\build\installer-smoke-v1.4\app\_internal\assets\frames\waiting-03.webp
2026-06-12 15:33:37.704   Time stamp of our file: 2026-06-12 15:32:28.000
2026-06-12 15:33:37.704   Installing the file.
2026-06-12 15:33:37.709   Successfully installed the file.
2026-06-12 15:33:37.709   -- File entry --
2026-06-12 15:33:37.709   Dest filename: D:\linrong_pet\build\installer-smoke-v1.4\app\_internal\assets\frames\waiting-04.webp
2026-06-12 15:33:37.709   Time stamp of our file: 2026-06-12 15:32:28.000
2026-06-12 15:33:37.709   Installing the file.
2026-06-12 15:33:37.713   Successfully installed the file.
2026-06-12 15:33:37.713   -- File entry --
2026-06-12 15:33:37.713   Dest filename: D:\linrong_pet\build\installer-smoke-v1.4\app\_internal\assets\frames\waiting-05.webp
2026-06-12 15:33:37.713   Time stamp of our file: 2026-06-12 15:32:28.000
2026-06-12 15:33:37.713   Installing the file.
2026-06-12 15:33:37.716   Successfully installed the file.
2026-06-12 15:33:37.716   -- File entry --
2026-06-12 15:33:37.716   Dest filename: D:\linrong_pet\build\installer-smoke-v1.4\app\_internal\assets\frames\walking-left-00.webp
2026-06-12 15:33:37.717   Time stamp of our file: 2026-06-12 15:32:28.000
2026-06-12 15:33:37.717   Installing the file.
2026-06-12 15:33:37.719   Successfully installed the file.
2026-06-12 15:33:37.719   -- File entry --
2026-06-12 15:33:37.719   Dest filename: D:\linrong_pet\build\installer-smoke-v1.4\app\_internal\assets\frames\walking-left-01.webp
2026-06-12 15:33:37.720   Time stamp of our file: 2026-06-12 15:32:28.000
2026-06-12 15:33:37.720   Installing the file.
2026-06-12 15:33:37.722   Successfully installed the file.
2026-06-12 15:33:37.722   -- File entry --
2026-06-12 15:33:37.722   Dest filename: D:\linrong_pet\build\installer-smoke-v1.4\app\_internal\assets\frames\walking-left-02.webp
2026-06-12 15:33:37.723   Time stamp of our file: 2026-06-12 15:32:28.000
2026-06-12 15:33:37.723   Installing the file.
2026-06-12 15:33:37.724   Successfully installed the file.
2026-06-12 15:33:37.725   -- File entry --
2026-06-12 15:33:37.725   Dest filename: D:\linrong_pet\build\installer-smoke-v1.4\app\_internal\assets\frames\walking-left-03.webp
2026-06-12 15:33:37.725   Time stamp of our file: 2026-06-12 15:32:28.000
2026-06-12 15:33:37.725   Installing the file.
2026-06-12 15:33:37.727   Successfully installed the file.
2026-06-12 15:33:37.727   -- File entry --
2026-06-12 15:33:37.727   Dest filename: D:\linrong_pet\build\installer-smoke-v1.4\app\_internal\assets\frames\walking-left-04.webp
2026-06-12 15:33:37.727   Time stamp of our file: 2026-06-12 15:32:28.000
2026-06-12 15:33:37.727   Installing the file.
2026-06-12 15:33:37.729   Successfully installed the file.
2026-06-12 15:33:37.729   -- File entry --
2026-06-12 15:33:37.730   Dest filename: D:\linrong_pet\build\installer-smoke-v1.4\app\_internal\assets\frames\walking-left-05.webp
2026-06-12 15:33:37.730   Time stamp of our file: 2026-06-12 15:32:28.000
2026-06-12 15:33:37.730   Installing the file.
2026-06-12 15:33:37.733   Successfully installed the file.
2026-06-12 15:33:37.733   -- File entry --
2026-06-12 15:33:37.733   Dest filename: D:\linrong_pet\build\installer-smoke-v1.4\app\_internal\assets\frames\walking-left-06.webp
2026-06-12 15:33:37.733   Time stamp of our file: 2026-06-12 15:32:28.000
2026-06-12 15:33:37.733   Installing the file.
2026-06-12 15:33:37.736   Successfully installed the file.
2026-06-12 15:33:37.736   -- File entry --
2026-06-12 15:33:37.736   Dest filename: D:\linrong_pet\build\installer-smoke-v1.4\app\_internal\assets\frames\walking-left-07.webp
2026-06-12 15:33:37.736   Time stamp of our file: 2026-06-12 15:32:28.000
2026-06-12 15:33:37.736   Installing the file.
2026-06-12 15:33:37.739   Successfully installed the file.
2026-06-12 15:33:37.739   -- File entry --
2026-06-12 15:33:37.740   Dest filename: D:\linrong_pet\build\installer-smoke-v1.4\app\_internal\assets\frames\walking-right-00.webp
2026-06-12 15:33:37.740   Time stamp of our file: 2026-06-12 15:32:28.000
2026-06-12 15:33:37.740   Installing the file.
2026-06-12 15:33:37.743   Successfully installed the file.
2026-06-12 15:33:37.743   -- File entry --
2026-06-12 15:33:37.743   Dest filename: D:\linrong_pet\build\installer-smoke-v1.4\app\_internal\assets\frames\walking-right-01.webp
2026-06-12 15:33:37.744   Time stamp of our file: 2026-06-12 15:32:28.000
2026-06-12 15:33:37.744   Installing the file.
2026-06-12 15:33:37.747   Successfully installed the file.
2026-06-12 15:33:37.747   -- File entry --
2026-06-12 15:33:37.747   Dest filename: D:\linrong_pet\build\installer-smoke-v1.4\app\_internal\assets\frames\walking-right-02.webp
2026-06-12 15:33:37.747   Time stamp of our file: 2026-06-12 15:32:28.000
2026-06-12 15:33:37.747   Installing the file.
2026-06-12 15:33:37.751   Successfully installed the file.
2026-06-12 15:33:37.751   -- File entry --
2026-06-12 15:33:37.751   Dest filename: D:\linrong_pet\build\installer-smoke-v1.4\app\_internal\assets\frames\walking-right-03.webp
2026-06-12 15:33:37.752   Time stamp of our file: 2026-06-12 15:32:28.000
2026-06-12 15:33:37.752   Installing the file.
2026-06-12 15:33:37.756   Successfully installed the file.
2026-06-12 15:33:37.756   -- File entry --
2026-06-12 15:33:37.756   Dest filename: D:\linrong_pet\build\installer-smoke-v1.4\app\_internal\assets\frames\walking-right-04.webp
2026-06-12 15:33:37.756   Time stamp of our file: 2026-06-12 15:32:28.000
2026-06-12 15:33:37.757   Installing the file.
2026-06-12 15:33:37.759   Successfully installed the file.
2026-06-12 15:33:37.759   -- File entry --
2026-06-12 15:33:37.759   Dest filename: D:\linrong_pet\build\installer-smoke-v1.4\app\_internal\assets\frames\walking-right-05.webp
2026-06-12 15:33:37.760   Time stamp of our file: 2026-06-12 15:32:28.000
2026-06-12 15:33:37.760   Installing the file.
2026-06-12 15:33:37.763   Successfully installed the file.
2026-06-12 15:33:37.764   -- File entry --
2026-06-12 15:33:37.764   Dest filename: D:\linrong_pet\build\installer-smoke-v1.4\app\_internal\assets\frames\walking-right-06.webp
2026-06-12 15:33:37.764   Time stamp of our file: 2026-06-12 15:32:28.000
2026-06-12 15:33:37.764   Installing the file.
2026-06-12 15:33:37.768   Successfully installed the file.
2026-06-12 15:33:37.768   -- File entry --
2026-06-12 15:33:37.768   Dest filename: D:\linrong_pet\build\installer-smoke-v1.4\app\_internal\assets\frames\walking-right-07.webp
2026-06-12 15:33:37.768   Time stamp of our file: 2026-06-12 15:32:28.000
2026-06-12 15:33:37.768   Installing the file.
2026-06-12 15:33:37.771   Successfully installed the file.
2026-06-12 15:33:37.771   -- File entry --
2026-06-12 15:33:37.771   Dest filename: D:\linrong_pet\build\installer-smoke-v1.4\app\_internal\assets\frames\waving-00.webp
2026-06-12 15:33:37.771   Time stamp of our file: 2026-06-12 15:32:28.000
2026-06-12 15:33:37.771   Installing the file.
2026-06-12 15:33:37.774   Successfully installed the file.
2026-06-12 15:33:37.774   -- File entry --
2026-06-12 15:33:37.775   Dest filename: D:\linrong_pet\build\installer-smoke-v1.4\app\_internal\assets\frames\waving-01.webp
2026-06-12 15:33:37.775   Time stamp of our file: 2026-06-12 15:32:28.000
2026-06-12 15:33:37.775   Installing the file.
2026-06-12 15:33:37.777   Successfully installed the file.
2026-06-12 15:33:37.777   -- File entry --
2026-06-12 15:33:37.777   Dest filename: D:\linrong_pet\build\installer-smoke-v1.4\app\_internal\assets\frames\waving-02.webp
2026-06-12 15:33:37.778   Time stamp of our file: 2026-06-12 15:32:28.000
2026-06-12 15:33:37.778   Installing the file.
2026-06-12 15:33:37.781   Successfully installed the file.
2026-06-12 15:33:37.781   -- File entry --
2026-06-12 15:33:37.782   Dest filename: D:\linrong_pet\build\installer-smoke-v1.4\app\_internal\assets\frames\waving-03.webp
2026-06-12 15:33:37.782   Time stamp of our file: 2026-06-12 15:32:28.000
2026-06-12 15:33:37.782   Installing the file.
2026-06-12 15:33:37.788   Successfully installed the file.
2026-06-12 15:33:37.788   -- File entry --
2026-06-12 15:33:37.788   Dest filename: D:\linrong_pet\build\installer-smoke-v1.4\app\_internal\PySide6\MSVCP140.dll
2026-06-12 15:33:37.789   Time stamp of our file: 2026-06-12 15:32:28.000
2026-06-12 15:33:37.789   Installing the file.
2026-06-12 15:33:37.789   Creating directory: D:\linrong_pet\build\installer-smoke-v1.4\app\_internal\PySide6
2026-06-12 15:33:37.808   Successfully installed the file.
2026-06-12 15:33:37.808   -- File entry --
2026-06-12 15:33:37.808   Dest filename: D:\linrong_pet\build\installer-smoke-v1.4\app\_internal\PySide6\MSVCP140_1.dll
2026-06-12 15:33:37.808   Time stamp of our file: 2026-06-12 15:32:28.000
2026-06-12 15:33:37.808   Installing the file.
2026-06-12 15:33:37.810   Successfully installed the file.
2026-06-12 15:33:37.810   -- File entry --
2026-06-12 15:33:37.811   Dest filename: D:\linrong_pet\build\installer-smoke-v1.4\app\_internal\PySide6\MSVCP140_2.dll
2026-06-12 15:33:37.811   Time stamp of our file: 2026-06-12 15:32:28.000
2026-06-12 15:33:37.811   Installing the file.
2026-06-12 15:33:37.822   Successfully installed the file.
2026-06-12 15:33:37.823   -- File entry --
2026-06-12 15:33:37.823   Dest filename: D:\linrong_pet\build\installer-smoke-v1.4\app\_internal\PySide6\opengl32sw.dll
2026-06-12 15:33:37.823   Time stamp of our file: 2026-06-12 15:32:28.000
2026-06-12 15:33:37.823   Installing the file.
2026-06-12 15:33:38.538   Successfully installed the file.
2026-06-12 15:33:38.538   -- File entry --
2026-06-12 15:33:38.538   Dest filename: D:\linrong_pet\build\installer-smoke-v1.4\app\_internal\PySide6\pyside6.abi3.dll
2026-06-12 15:33:38.538   Time stamp of our file: 2026-06-12 15:32:28.000
2026-06-12 15:33:38.538   Installing the file.
2026-06-12 15:33:38.551   Successfully installed the file.
2026-06-12 15:33:38.551   -- File entry --
2026-06-12 15:33:38.551   Dest filename: D:\linrong_pet\build\installer-smoke-v1.4\app\_internal\PySide6\Qt6Core.dll
2026-06-12 15:33:38.552   Time stamp of our file: 2026-06-12 15:32:28.000
2026-06-12 15:33:38.552   Installing the file.
2026-06-12 15:33:38.913   Successfully installed the file.
2026-06-12 15:33:38.913   -- File entry --
2026-06-12 15:33:38.914   Dest filename: D:\linrong_pet\build\installer-smoke-v1.4\app\_internal\PySide6\Qt6Gui.dll
2026-06-12 15:33:38.914   Time stamp of our file: 2026-06-12 15:32:28.000
2026-06-12 15:33:38.914   Installing the file.
2026-06-12 15:33:39.244   Successfully installed the file.
2026-06-12 15:33:39.244   -- File entry --
2026-06-12 15:33:39.244   Dest filename: D:\linrong_pet\build\installer-smoke-v1.4\app\_internal\PySide6\Qt6Network.dll
2026-06-12 15:33:39.244   Time stamp of our file: 2026-06-12 15:32:28.000
2026-06-12 15:33:39.244   Installing the file.
2026-06-12 15:33:39.299   Successfully installed the file.
2026-06-12 15:33:39.299   -- File entry --
2026-06-12 15:33:39.300   Dest filename: D:\linrong_pet\build\installer-smoke-v1.4\app\_internal\PySide6\Qt6Svg.dll
2026-06-12 15:33:39.300   Time stamp of our file: 2026-06-12 15:32:28.000
2026-06-12 15:33:39.300   Installing the file.
2026-06-12 15:33:39.321   Successfully installed the file.
2026-06-12 15:33:39.321   -- File entry --
2026-06-12 15:33:39.321   Dest filename: D:\linrong_pet\build\installer-smoke-v1.4\app\_internal\PySide6\Qt6Widgets.dll
2026-06-12 15:33:39.321   Time stamp of our file: 2026-06-12 15:32:28.000
2026-06-12 15:33:39.321   Installing the file.
2026-06-12 15:33:39.530   Successfully installed the file.
2026-06-12 15:33:39.530   -- File entry --
2026-06-12 15:33:39.530   Dest filename: D:\linrong_pet\build\installer-smoke-v1.4\app\_internal\PySide6\QtCore.pyd
2026-06-12 15:33:39.530   Time stamp of our file: 2026-06-12 15:32:28.000
2026-06-12 15:33:39.530   Installing the file.
2026-06-12 15:33:39.624   Successfully installed the file.
2026-06-12 15:33:39.624   -- File entry --
2026-06-12 15:33:39.625   Dest filename: D:\linrong_pet\build\installer-smoke-v1.4\app\_internal\PySide6\QtGui.pyd
2026-06-12 15:33:39.625   Time stamp of our file: 2026-06-12 15:32:28.000
2026-06-12 15:33:39.625   Installing the file.
2026-06-12 15:33:39.734   Successfully installed the file.
2026-06-12 15:33:39.734   -- File entry --
2026-06-12 15:33:39.734   Dest filename: D:\linrong_pet\build\installer-smoke-v1.4\app\_internal\PySide6\QtNetwork.pyd
2026-06-12 15:33:39.735   Time stamp of our file: 2026-06-12 15:32:28.000
2026-06-12 15:33:39.735   Installing the file.
2026-06-12 15:33:39.764   Successfully installed the file.
2026-06-12 15:33:39.764   -- File entry --
2026-06-12 15:33:39.764   Dest filename: D:\linrong_pet\build\installer-smoke-v1.4\app\_internal\PySide6\QtWidgets.pyd
2026-06-12 15:33:39.764   Time stamp of our file: 2026-06-12 15:32:28.000
2026-06-12 15:33:39.764   Installing the file.
2026-06-12 15:33:39.887   Successfully installed the file.
2026-06-12 15:33:39.887   -- File entry --
2026-06-12 15:33:39.888   Dest filename: D:\linrong_pet\build\installer-smoke-v1.4\app\_internal\PySide6\VCRUNTIME140.dll
2026-06-12 15:33:39.888   Time stamp of our file: 2026-06-12 15:32:28.000
2026-06-12 15:33:39.888   Installing the file.
2026-06-12 15:33:39.895   Successfully installed the file.
2026-06-12 15:33:39.895   -- File entry --
2026-06-12 15:33:39.895   Dest filename: D:\linrong_pet\build\installer-smoke-v1.4\app\_internal\PySide6\VCRUNTIME140_1.dll
2026-06-12 15:33:39.896   Time stamp of our file: 2026-06-12 15:32:28.000
2026-06-12 15:33:39.896   Installing the file.
2026-06-12 15:33:39.898   Successfully installed the file.
2026-06-12 15:33:39.898   -- File entry --
2026-06-12 15:33:39.899   Dest filename: D:\linrong_pet\build\installer-smoke-v1.4\app\_internal\PySide6\plugins\generic\qtuiotouchplugin.dll
2026-06-12 15:33:39.899   Time stamp of our file: 2026-06-12 15:32:28.000
2026-06-12 15:33:39.899   Installing the file.
2026-06-12 15:33:39.899   Creating directory: D:\linrong_pet\build\installer-smoke-v1.4\app\_internal\PySide6\plugins
2026-06-12 15:33:39.900   Creating directory: D:\linrong_pet\build\installer-smoke-v1.4\app\_internal\PySide6\plugins\generic
2026-06-12 15:33:39.907   Successfully installed the file.
2026-06-12 15:33:39.907   -- File entry --
2026-06-12 15:33:39.907   Dest filename: D:\linrong_pet\build\installer-smoke-v1.4\app\_internal\PySide6\plugins\iconengines\qsvgicon.dll
2026-06-12 15:33:39.908   Time stamp of our file: 2026-06-12 15:32:28.000
2026-06-12 15:33:39.908   Installing the file.
2026-06-12 15:33:39.908   Creating directory: D:\linrong_pet\build\installer-smoke-v1.4\app\_internal\PySide6\plugins\iconengines
2026-06-12 15:33:39.912   Successfully installed the file.
2026-06-12 15:33:39.912   -- File entry --
2026-06-12 15:33:39.913   Dest filename: D:\linrong_pet\build\installer-smoke-v1.4\app\_internal\PySide6\plugins\imageformats\qgif.dll
2026-06-12 15:33:39.913   Time stamp of our file: 2026-06-12 15:32:28.000
2026-06-12 15:33:39.913   Installing the file.
2026-06-12 15:33:39.913   Creating directory: D:\linrong_pet\build\installer-smoke-v1.4\app\_internal\PySide6\plugins\imageformats
2026-06-12 15:33:39.918   Successfully installed the file.
2026-06-12 15:33:39.918   -- File entry --
2026-06-12 15:33:39.918   Dest filename: D:\linrong_pet\build\installer-smoke-v1.4\app\_internal\PySide6\plugins\imageformats\qicns.dll
2026-06-12 15:33:39.918   Time stamp of our file: 2026-06-12 15:32:28.000
2026-06-12 15:33:39.919   Installing the file.
2026-06-12 15:33:39.923   Successfully installed the file.
2026-06-12 15:33:39.923   -- File entry --
2026-06-12 15:33:39.923   Dest filename: D:\linrong_pet\build\installer-smoke-v1.4\app\_internal\PySide6\plugins\imageformats\qico.dll
2026-06-12 15:33:39.924   Time stamp of our file: 2026-06-12 15:32:28.000
2026-06-12 15:33:39.924   Installing the file.
2026-06-12 15:33:39.927   Successfully installed the file.
2026-06-12 15:33:39.927   -- File entry --
2026-06-12 15:33:39.927   Dest filename: D:\linrong_pet\build\installer-smoke-v1.4\app\_internal\PySide6\plugins\imageformats\qjpeg.dll
2026-06-12 15:33:39.928   Time stamp of our file: 2026-06-12 15:32:28.000
2026-06-12 15:33:39.928   Installing the file.
2026-06-12 15:33:39.947   Successfully installed the file.
2026-06-12 15:33:39.948   -- File entry --
2026-06-12 15:33:39.948   Dest filename: D:\linrong_pet\build\installer-smoke-v1.4\app\_internal\PySide6\plugins\imageformats\qsvg.dll
2026-06-12 15:33:39.948   Time stamp of our file: 2026-06-12 15:32:28.000
2026-06-12 15:33:39.948   Installing the file.
2026-06-12 15:33:39.952   Successfully installed the file.
2026-06-12 15:33:39.952   -- File entry --
2026-06-12 15:33:39.952   Dest filename: D:\linrong_pet\build\installer-smoke-v1.4\app\_internal\PySide6\plugins\imageformats\qtga.dll
2026-06-12 15:33:39.953   Time stamp of our file: 2026-06-12 15:32:28.000
2026-06-12 15:33:39.953   Installing the file.
2026-06-12 15:33:39.956   Successfully installed the file.
2026-06-12 15:33:39.956   -- File entry --
2026-06-12 15:33:39.956   Dest filename: D:\linrong_pet\build\installer-smoke-v1.4\app\_internal\PySide6\plugins\imageformats\qtiff.dll
2026-06-12 15:33:39.956   Time stamp of our file: 2026-06-12 15:32:28.000
2026-06-12 15:33:39.956   Installing the file.
2026-06-12 15:33:39.973   Successfully installed the file.
2026-06-12 15:33:39.973   -- File entry --
2026-06-12 15:33:39.973   Dest filename: D:\linrong_pet\build\installer-smoke-v1.4\app\_internal\PySide6\plugins\imageformats\qwbmp.dll
2026-06-12 15:33:39.973   Time stamp of our file: 2026-06-12 15:32:28.000
2026-06-12 15:33:39.973   Installing the file.
2026-06-12 15:33:39.977   Successfully installed the file.
2026-06-12 15:33:39.977   -- File entry --
2026-06-12 15:33:39.977   Dest filename: D:\linrong_pet\build\installer-smoke-v1.4\app\_internal\PySide6\plugins\imageformats\qwebp.dll
2026-06-12 15:33:39.977   Time stamp of our file: 2026-06-12 15:32:28.000
2026-06-12 15:33:39.977   Installing the file.
2026-06-12 15:33:40.002   Successfully installed the file.
2026-06-12 15:33:40.002   -- File entry --
2026-06-12 15:33:40.002   Dest filename: D:\linrong_pet\build\installer-smoke-v1.4\app\_internal\PySide6\plugins\networkinformation\qnetworklistmanager.dll
2026-06-12 15:33:40.002   Time stamp of our file: 2026-06-12 15:32:28.000
2026-06-12 15:33:40.002   Installing the file.
2026-06-12 15:33:40.002   Creating directory: D:\linrong_pet\build\installer-smoke-v1.4\app\_internal\PySide6\plugins\networkinformation
2026-06-12 15:33:40.008   Successfully installed the file.
2026-06-12 15:33:40.008   -- File entry --
2026-06-12 15:33:40.008   Dest filename: D:\linrong_pet\build\installer-smoke-v1.4\app\_internal\PySide6\plugins\platforms\qwindows.dll
2026-06-12 15:33:40.008   Time stamp of our file: 2026-06-12 15:32:28.000
2026-06-12 15:33:40.008   Installing the file.
2026-06-12 15:33:40.009   Creating directory: D:\linrong_pet\build\installer-smoke-v1.4\app\_internal\PySide6\plugins\platforms
2026-06-12 15:33:40.045   Successfully installed the file.
2026-06-12 15:33:40.045   -- File entry --
2026-06-12 15:33:40.045   Dest filename: D:\linrong_pet\build\installer-smoke-v1.4\app\_internal\PySide6\plugins\styles\qmodernwindowsstyle.dll
2026-06-12 15:33:40.045   Time stamp of our file: 2026-06-12 15:32:28.000
2026-06-12 15:33:40.045   Installing the file.
2026-06-12 15:33:40.046   Creating directory: D:\linrong_pet\build\installer-smoke-v1.4\app\_internal\PySide6\plugins\styles
2026-06-12 15:33:40.056   Successfully installed the file.
2026-06-12 15:33:40.056   -- File entry --
2026-06-12 15:33:40.056   Dest filename: D:\linrong_pet\build\installer-smoke-v1.4\app\_internal\PySide6\plugins\tls\qcertonlybackend.dll
2026-06-12 15:33:40.056   Time stamp of our file: 2026-06-12 15:32:28.000
2026-06-12 15:33:40.056   Installing the file.
2026-06-12 15:33:40.057   Creating directory: D:\linrong_pet\build\installer-smoke-v1.4\app\_internal\PySide6\plugins\tls
2026-06-12 15:33:40.062   Successfully installed the file.
2026-06-12 15:33:40.062   -- File entry --
2026-06-12 15:33:40.062   Dest filename: D:\linrong_pet\build\installer-smoke-v1.4\app\_internal\PySide6\plugins\tls\qopensslbackend.dll
2026-06-12 15:33:40.063   Time stamp of our file: 2026-06-12 15:32:28.000
2026-06-12 15:33:40.063   Installing the file.
2026-06-12 15:33:40.073   Successfully installed the file.
2026-06-12 15:33:40.074   -- File entry --
2026-06-12 15:33:40.074   Dest filename: D:\linrong_pet\build\installer-smoke-v1.4\app\_internal\PySide6\plugins\tls\qschannelbackend.dll
2026-06-12 15:33:40.074   Time stamp of our file: 2026-06-12 15:32:28.000
2026-06-12 15:33:40.074   Installing the file.
2026-06-12 15:33:40.086   Successfully installed the file.
2026-06-12 15:33:40.086   -- File entry --
2026-06-12 15:33:40.087   Dest filename: D:\linrong_pet\build\installer-smoke-v1.4\app\_internal\shiboken6\MSVCP140.dll
2026-06-12 15:33:40.087   Time stamp of our file: 2026-06-12 15:32:28.000
2026-06-12 15:33:40.087   Installing the file.
2026-06-12 15:33:40.087   Creating directory: D:\linrong_pet\build\installer-smoke-v1.4\app\_internal\shiboken6
2026-06-12 15:33:40.105   Successfully installed the file.
2026-06-12 15:33:40.105   -- File entry --
2026-06-12 15:33:40.105   Dest filename: D:\linrong_pet\build\installer-smoke-v1.4\app\_internal\shiboken6\Shiboken.pyd
2026-06-12 15:33:40.105   Time stamp of our file: 2026-06-12 15:32:28.000
2026-06-12 15:33:40.105   Installing the file.
2026-06-12 15:33:40.108   Successfully installed the file.
2026-06-12 15:33:40.108   -- File entry --
2026-06-12 15:33:40.109   Dest filename: D:\linrong_pet\build\installer-smoke-v1.4\app\_internal\shiboken6\shiboken6.abi3.dll
2026-06-12 15:33:40.109   Time stamp of our file: 2026-06-12 15:32:28.000
2026-06-12 15:33:40.109   Installing the file.
2026-06-12 15:33:40.126   Successfully installed the file.
2026-06-12 15:33:40.127   -- File entry --
2026-06-12 15:33:40.127   Dest filename: D:\linrong_pet\build\installer-smoke-v1.4\app\_internal\shiboken6\VCRUNTIME140.dll
2026-06-12 15:33:40.127   Time stamp of our file: 2026-06-12 15:32:28.000
2026-06-12 15:33:40.127   Installing the file.
2026-06-12 15:33:40.130   Successfully installed the file.
2026-06-12 15:33:40.130   -- File entry --
2026-06-12 15:33:40.131   Dest filename: D:\linrong_pet\build\installer-smoke-v1.4\app\_internal\shiboken6\VCRUNTIME140_1.dll
2026-06-12 15:33:40.131   Time stamp of our file: 2026-06-12 15:32:28.000
2026-06-12 15:33:40.131   Installing the file.
2026-06-12 15:33:40.135   Successfully installed the file.
2026-06-12 15:33:40.135   -- Icon entry --
2026-06-12 15:33:40.135   Dest filename: C:\Users\altairhuang\AppData\Roaming\Microsoft\Windows\Start Menu\Programs\林榕桌宠\林榕桌宠.lnk
2026-06-12 15:33:40.135   Creating directory: C:\Users\altairhuang\AppData\Roaming\Microsoft\Windows\Start Menu\Programs\林榕桌宠
2026-06-12 15:33:40.190   Creating the icon.
2026-06-12 15:33:40.327   Successfully created the icon.
2026-06-12 15:33:40.368   Saving uninstall information.
2026-06-12 15:33:40.368   Creating new uninstall key: HKEY_CURRENT_USER\Software\Microsoft\Windows\CurrentVersion\Uninstall\{63B0134A-4A66-48C7-9851-1EC0050F131B}_is1
2026-06-12 15:33:40.368   Writing uninstall key values.
2026-06-12 15:33:40.371   Detected previous administrative 64-bit install? No
2026-06-12 15:33:40.371   Detected previous administrative 32-bit install? No
2026-06-12 15:33:40.377   Installation process succeeded.
2026-06-12 15:33:40.378   Need to restart Windows? No
2026-06-12 15:33:40.382   Deinitializing Setup.
2026-06-12 15:33:40.392   Log closed.
